[    0.000000] Initializing cgroup subsys cpuset
[    0.000000] Initializing cgroup subsys cpu
[    0.000000] Initializing cgroup subsys cpuacct
[    0.000000] Linux version 4.4.0-93-generic (buildd@lgw01-03) (gcc version 5.4.0 20160609 (Ubuntu 5.4.0-6ubuntu1~16.04.4) ) #116-Ubuntu SMP Fri Aug 11 21:17:51 UTC 2017 (Ubuntu 4.4.0-93.116-generic 4.4.79)
[    0.000000] Command line: BOOT_IMAGE=/boot/vmlinuz-4.4.0-93-generic root=LABEL=cloudimg-rootfs ro console=tty1 console=ttyS0
[    0.000000] KERNEL supported cpus:
[    0.000000]   Intel GenuineIntel
[    0.000000]   AMD AuthenticAMD
[    0.000000]   Centaur CentaurHauls
[    0.000000] x86/fpu: xstate_offset[2]:  576, xstate_sizes[2]:  256
[    0.000000] x86/fpu: Supporting XSAVE feature 0x01: 'x87 floating point registers'
[    0.000000] x86/fpu: Supporting XSAVE feature 0x02: 'SSE registers'
[    0.000000] x86/fpu: Supporting XSAVE feature 0x04: 'AVX registers'
[    0.000000] x86/fpu: Enabled xstate features 0x7, context size is 832 bytes, using 'standard' format.
[    0.000000] x86/fpu: Using 'lazy' FPU context switches.
[    0.000000] e820: BIOS-provided physical RAM map:
[    0.000000] BIOS-e820: [mem 0x0000000000000000-0x000000000009fbff] usable
[    0.000000] BIOS-e820: [mem 0x000000000009fc00-0x000000000009ffff] reserved
[    0.000000] BIOS-e820: [mem 0x00000000000f0000-0x00000000000fffff] reserved
[    0.000000] BIOS-e820: [mem 0x0000000000100000-0x000000003ffeffff] usable
[    0.000000] BIOS-e820: [mem 0x000000003fff0000-0x000000003fffffff] ACPI data
[    0.000000] BIOS-e820: [mem 0x00000000fec00000-0x00000000fec00fff] reserved
[    0.000000] BIOS-e820: [mem 0x00000000fee00000-0x00000000fee00fff] reserved
[    0.000000] BIOS-e820: [mem 0x00000000fffc0000-0x00000000ffffffff] reserved
[    0.000000] NX (Execute Disable) protection: active
[    0.000000] SMBIOS 2.5 present.
[    0.000000] Hypervisor detected: KVM
[    0.000000] e820: last_pfn = 0x3fff0 max_arch_pfn = 0x400000000
[    0.000000] MTRR: Disabled
[    0.000000] x86/PAT: MTRRs disabled, skipping PAT initialization too.
[    0.000000] CPU MTRRs all blank - virtualized system.
[    0.000000] x86/PAT: Configuration [0-7]: WB  WT  UC- UC  WB  WT  UC- UC  
[    0.000000] found SMP MP-table at [mem 0x0009fff0-0x0009ffff] mapped at [ffff88000009fff0]
[    0.000000] Scanning 1 areas for low memory corruption
[    0.000000] RAMDISK: [mem 0x36ac4000-0x37559fff]
[    0.000000] ACPI: Early table checksum verification disabled
[    0.000000] ACPI: RSDP 0x00000000000E0000 000024 (v02 VBOX  )
[    0.000000] ACPI: XSDT 0x000000003FFF0030 00003C (v01 VBOX   VBOXXSDT 00000001 ASL  00000061)
[    0.000000] ACPI: FACP 0x000000003FFF00F0 0000F4 (v04 VBOX   VBOXFACP 00000001 ASL  00000061)
[    0.000000] ACPI: DSDT 0x000000003FFF0470 0021C8 (v02 VBOX   VBOXBIOS 00000002 INTL 20100528)
[    0.000000] ACPI: FACS 0x000000003FFF0200 000040
[    0.000000] ACPI: FACS 0x000000003FFF0200 000040
[    0.000000] ACPI: APIC 0x000000003FFF0240 00005C (v02 VBOX   VBOXAPIC 00000001 ASL  00000061)
[    0.000000] ACPI: SSDT 0x000000003FFF02A0 0001CC (v01 VBOX   VBOXCPUT 00000002 INTL 20100528)
[    0.000000] No NUMA configuration found
[    0.000000] Faking a node at [mem 0x0000000000000000-0x000000003ffeffff]
[    0.000000] NODE_DATA(0) allocated [mem 0x3ffeb000-0x3ffeffff]
[    0.000000] kvm-clock: Using msrs 4b564d01 and 4b564d00
[    0.000000] kvm-clock: cpu 0, msr 0:3ffe3001, primary cpu clock
[    0.000000] kvm-clock: using sched offset of 3141354338 cycles
[    0.000000] clocksource: kvm-clock: mask: 0xffffffffffffffff max_cycles: 0x1cd42e4dffb, max_idle_ns: 881590591483 ns
[    0.000000] Zone ranges:
[    0.000000]   DMA      [mem 0x0000000000001000-0x0000000000ffffff]
[    0.000000]   DMA32    [mem 0x0000000001000000-0x000000003ffeffff]
[    0.000000]   Normal   empty
[    0.000000]   Device   empty
[    0.000000] Movable zone start for each node
[    0.000000] Early memory node ranges
[    0.000000]   node   0: [mem 0x0000000000001000-0x000000000009efff]
[    0.000000]   node   0: [mem 0x0000000000100000-0x000000003ffeffff]
[    0.000000] Initmem setup node 0 [mem 0x0000000000001000-0x000000003ffeffff]
[    0.000000] ACPI: PM-Timer IO Port: 0x4008
[    0.000000] IOAPIC[0]: apic_id 2, version 32, address 0xfec00000, GSI 0-23
[    0.000000] ACPI: INT_SRC_OVR (bus 0 bus_irq 0 global_irq 2 dfl dfl)
[    0.000000] ACPI: INT_SRC_OVR (bus 0 bus_irq 9 global_irq 9 high level)
[    0.000000] Using ACPI (MADT) for SMP configuration information
[    0.000000] smpboot: Allowing 2 CPUs, 0 hotplug CPUs
[    0.000000] PM: Registered nosave memory: [mem 0x00000000-0x00000fff]
[    0.000000] PM: Registered nosave memory: [mem 0x0009f000-0x0009ffff]
[    0.000000] PM: Registered nosave memory: [mem 0x000a0000-0x000effff]
[    0.000000] PM: Registered nosave memory: [mem 0x000f0000-0x000fffff]
[    0.000000] e820: [mem 0x40000000-0xfebfffff] available for PCI devices
[    0.000000] Booting paravirtualized kernel on KVM
[    0.000000] clocksource: refined-jiffies: mask: 0xffffffff max_cycles: 0xffffffff, max_idle_ns: 7645519600211568 ns
[    0.000000] setup_percpu: NR_CPUS:512 nr_cpumask_bits:512 nr_cpu_ids:2 nr_node_ids:1
[    0.000000] PERCPU: Embedded 34 pages/cpu @ffff88003fc00000 s98328 r8192 d32744 u1048576
[    0.000000] PV qspinlock hash table entries: 256 (order: 0, 4096 bytes)
[    0.000000] Built 1 zonelists in Node order, mobility grouping on.  Total pages: 257913
[    0.000000] Policy zone: DMA32
[    0.000000] Kernel command line: BOOT_IMAGE=/boot/vmlinuz-4.4.0-93-generic root=LABEL=cloudimg-rootfs ro console=tty1 console=ttyS0
[    0.000000] PID hash table entries: 4096 (order: 3, 32768 bytes)
[    0.000000] Memory: 1001724K/1048120K available (8479K kernel code, 1294K rwdata, 3984K rodata, 1492K init, 1316K bss, 46396K reserved, 0K cma-reserved)
[    0.000000] SLUB: HWalign=64, Order=0-3, MinObjects=0, CPUs=2, Nodes=1
[    0.000000] Hierarchical RCU implementation.
[    0.000000] 	Build-time adjustment of leaf fanout to 64.
[    0.000000] 	RCU restricting CPUs from NR_CPUS=512 to nr_cpu_ids=2.
[    0.000000] RCU: Adjusting geometry for rcu_fanout_leaf=64, nr_cpu_ids=2
[    0.000000] NR_IRQS:33024 nr_irqs:440 16
[    0.000000] Console: colour VGA+ 80x25
[    0.000000] console [tty1] enabled
[    0.000000] console [ttyS0] enabled
[    0.000000] tsc: Detected 1599.999 MHz processor
[    3.320797] Calibrating delay loop (skipped) preset value.. 3199.99 BogoMIPS (lpj=6399996)
[    3.353458] pid_max: default: 32768 minimum: 301
[    3.354798] ACPI: Core revision 20150930
[    3.363690] ACPI: 2 ACPI AML tables successfully acquired and loaded
[    3.394850] Security Framework initialized
[    3.412893] Yama: becoming mindful.
[    3.414218] AppArmor: AppArmor initialized
[    3.459703] Dentry cache hash table entries: 131072 (order: 8, 1048576 bytes)
[    3.531570] Inode-cache hash table entries: 65536 (order: 7, 524288 bytes)
[    3.590063] Mount-cache hash table entries: 2048 (order: 2, 16384 bytes)
[    3.663224] Mountpoint-cache hash table entries: 2048 (order: 2, 16384 bytes)
[    3.669157] Initializing cgroup subsys io
[    3.672098] Initializing cgroup subsys memory
[    3.695741] Initializing cgroup subsys devices
[    3.732148] Initializing cgroup subsys freezer
[    3.756830] Initializing cgroup subsys net_cls
[    3.783902] Initializing cgroup subsys perf_event
[    3.815646] Initializing cgroup subsys net_prio
[    3.863562] Initializing cgroup subsys hugetlb
[    3.883197] Initializing cgroup subsys pids
[    3.884533] CPU: Physical Processor ID: 0
[    3.892608] CPU: Processor Core ID: 0
[    3.919137] mce: CPU supports 0 MCE banks
[    3.920101] Last level iTLB entries: 4KB 64, 2MB 8, 4MB 8
[    3.952119] Last level dTLB entries: 4KB 64, 2MB 0, 4MB 0, 1GB 4
[    4.007296] Freeing SMP alternatives memory: 32K (ffffffff820ba000 - ffffffff820c2000)
[    4.056795] ftrace: allocating 32136 entries in 126 pages
[    4.171525] smpboot: APIC(0) Converting physical 0 to logical package 0
[    4.260031] smpboot: Max logical packages: 1
[    4.297274] x2apic enabled
[    4.333201] Switched APIC routing to physical x2apic.
[    4.389615] ..TIMER: vector=0x30 apic1=0 pin1=2 apic2=-1 pin2=-1
[    4.555548] smpboot: CPU0: Intel(R) Core(TM) i5-5250U CPU @ 1.60GHz (family: 0x6, model: 0x3d, stepping: 0x4)
[    4.643446] Performance Events: unsupported p6 CPU model 61 no PMU driver, software events only.
[    4.706934] KVM setup paravirtual spinlock
[    4.751558] x86: Booting SMP configuration:
[    4.770680] .... node  #0, CPUs:      #1
[    4.772035] kvm-clock: cpu 1, msr 0:3ffe3041, secondary cpu clock
[    4.783219] mce: CPU supports 0 MCE banks
[    4.786082] x86: Booted up 1 node, 2 CPUs
[    4.792874] smpboot: Total of 2 processors activated (6399.99 BogoMIPS)
[    4.850853] devtmpfs: initialized
[    4.877313] evm: security.selinux
[    4.893364] evm: security.SMACK64
[    4.894384] evm: security.SMACK64EXEC
[    4.895605] evm: security.SMACK64TRANSMUTE
[    4.896806] evm: security.SMACK64MMAP
[    4.940198] evm: security.ima
[    4.970136] evm: security.capability
[    5.006739] clocksource: jiffies: mask: 0xffffffff max_cycles: 0xffffffff, max_idle_ns: 7645041785100000 ns
[    5.044845] futex hash table entries: 512 (order: 3, 32768 bytes)
[    5.099033] pinctrl core: initialized pinctrl subsystem
[    5.115432] RTC time: 10:25:08, date: 09/14/17
[    5.146756] NET: Registered protocol family 16
[    5.191282] cpuidle: using governor ladder
[    5.227185] cpuidle: using governor menu
[    5.259410] PCCT header not found.
[    5.288132] ACPI: bus type PCI registered
[    5.317044] acpiphp: ACPI Hot Plug PCI Controller Driver version: 0.5
[    5.320134] PCI: Using configuration type 1 for base access
[    5.383392] ACPI: Added _OSI(Module Device)
[    5.417749] ACPI: Added _OSI(Processor Device)
[    5.463012] ACPI: Added _OSI(3.0 _SCP Extensions)
[    5.501324] ACPI: Added _OSI(Processor Aggregator Device)
[    5.558581] ACPI: Executed 1 blocks of module-level executable AML code
[    5.619401] ACPI: Interpreter enabled
[    5.660160] ACPI: (supports S0 S5)
[    5.689883] ACPI: Using IOAPIC for interrupt routing
[    5.725537] PCI: Using host bridge windows from ACPI; if necessary, use "pci=nocrs" and report a bug
[    5.821194] ACPI: PCI Root Bridge [PCI0] (domain 0000 [bus 00-ff])
[    5.872656] acpi PNP0A03:00: _OSC: OS supports [ASPM ClockPM Segments MSI]
[    5.896705] acpi PNP0A03:00: _OSC failed (AE_NOT_FOUND); disabling ASPM
[    5.907599] acpi PNP0A03:00: fail to add MMCONFIG information, can't access extended PCI configuration space under this bridge.
[    5.911067] PCI host bridge to bus 0000:00
[    5.918793] pci_bus 0000:00: root bus resource [io  0x0000-0x0cf7 window]
[    5.975077] pci_bus 0000:00: root bus resource [io  0x0d00-0xffff window]
[    6.009396] pci_bus 0000:00: root bus resource [mem 0x000a0000-0x000bffff window]
[    6.012300] pci_bus 0000:00: root bus resource [mem 0x40000000-0xffdfffff window]
[    6.070439] pci_bus 0000:00: root bus resource [bus 00-ff]
[    6.080363] pci 0000:00:01.1: legacy IDE quirk: reg 0x10: [io  0x01f0-0x01f7]
[    6.089282] pci 0000:00:01.1: legacy IDE quirk: reg 0x14: [io  0x03f6]
[    6.096457] pci 0000:00:01.1: legacy IDE quirk: reg 0x18: [io  0x0170-0x0177]
[    6.109519] pci 0000:00:01.1: legacy IDE quirk: reg 0x1c: [io  0x0376]
[    6.132759] pci 0000:00:07.0: quirk: [io  0x4000-0x403f] claimed by PIIX4 ACPI
[    6.135108] pci 0000:00:07.0: quirk: [io  0x4100-0x410f] claimed by PIIX4 SMB
[    6.152096] ACPI: PCI Interrupt Link [LNKA] (IRQs 5 9 10 *11)
[    6.174863] ACPI: PCI Interrupt Link [LNKB] (IRQs 5 9 10 *11)
[    6.211413] ACPI: PCI Interrupt Link [LNKC] (IRQs 5 9 *10 11)
[    6.234386] ACPI: PCI Interrupt Link [LNKD] (IRQs 5 *9 10 11)
[    6.272437] ACPI: Enabled 2 GPEs in block 00 to 07
[    6.299397] vgaarb: setting as boot device: PCI:0000:00:02.0
[    6.321484] vgaarb: device added: PCI:0000:00:02.0,decodes=io+mem,owns=io+mem,locks=none
[    6.367592] vgaarb: loaded
[    6.385218] vgaarb: bridge control possible 0000:00:02.0
[    6.400153] SCSI subsystem initialized
[    6.460130] ACPI: bus type USB registered
[    6.517045] usbcore: registered new interface driver usbfs
[    6.519641] usbcore: registered new interface driver hub
[    6.568314] usbcore: registered new device driver usb
[    6.569985] PCI: Using ACPI for IRQ routing
[    6.604131] NetLabel: Initializing
[    6.609372] NetLabel:  domain hash size = 128
[    6.616367] NetLabel:  protocols = UNLABELED CIPSOv4
[    6.626425] NetLabel:  unlabeled traffic allowed by default
[    6.650946] amd_nb: Cannot enumerate AMD northbridges
[    6.652607] clocksource: Switched to clocksource kvm-clock
[    6.711410] AppArmor: AppArmor Filesystem Enabled
[    6.740709] pnp: PnP ACPI init
[    6.794470] pnp: PnP ACPI: found 3 devices
[    6.867261] clocksource: acpi_pm: mask: 0xffffff max_cycles: 0xffffff, max_idle_ns: 2085701024 ns
[    6.969590] NET: Registered protocol family 2
[    7.003847] TCP established hash table entries: 8192 (order: 4, 65536 bytes)
[    7.030721] TCP bind hash table entries: 8192 (order: 5, 131072 bytes)
[    7.041304] TCP: Hash tables configured (established 8192 bind 8192)
[    7.081708] UDP hash table entries: 512 (order: 2, 16384 bytes)
[    7.123739] UDP-Lite hash table entries: 512 (order: 2, 16384 bytes)
[    7.192820] NET: Registered protocol family 1
[    7.242995] pci 0000:00:00.0: Limiting direct PCI/PCI transfers
[    7.250099] pci 0000:00:01.0: Activating ISA DMA hang workarounds
[    7.302244] Unpacking initramfs...
[    9.517987] Freeing initrd memory: 10840K (ffff880036ac4000 - ffff88003755a000)
[    9.610008] RAPL PMU detected, API unit is 2^-32 Joules, 4 fixed counters 10737418240 ms ovfl timer
[    9.756856] hw unit of domain pp0-core 2^-0 Joules
[    9.825308] hw unit of domain package 2^-0 Joules
[    9.835560] hw unit of domain dram 2^-0 Joules
[    9.845587] hw unit of domain pp1-gpu 2^-0 Joules
[    9.846905] platform rtc_cmos: registered platform RTC device (no PNP device found)
[    9.881825] Scanning for low memory corruption every 60 seconds
[    9.917580] audit: initializing netlink subsys (disabled)
[    9.996540] audit: type=2000 audit(1505384711.703:1): initialized
[   10.052528] Initialise system trusted keyring
[   10.075849] HugeTLB registered 2 MB page size, pre-allocated 0 pages
[   10.091853] zbud: loaded
[   10.092991] VFS: Disk quotas dquot_6.6.0
[   10.137336] VFS: Dquot-cache hash table entries: 512 (order 0, 4096 bytes)
[   10.153950] squashfs: version 4.0 (2009/01/31) Phillip Lougher
[   10.174678] fuse init (API version 7.23)
[   10.211684] Key type big_key registered
[   10.247385] Allocating IMA MOK and blacklist keyrings.
[   10.252097] Key type asymmetric registered
[   10.278359] Asymmetric key parser 'x509' registered
[   10.279901] Block layer SCSI generic (bsg) driver version 0.4 loaded (major 249)
[   10.362525] io scheduler noop registered
[   10.393090] io scheduler deadline registered (default)
[   10.405900] io scheduler cfq registered
[   10.407294] pci_hotplug: PCI Hot Plug PCI Core version: 0.5
[   10.410021] pciehp: PCI Express Hot Plug Controller Driver version: 0.4
[   10.424457] ACPI: AC Adapter [AC] (on-line)
[   10.430315] input: Power Button as /devices/LNXSYSTM:00/LNXPWRBN:00/input/input0
[   10.443034] ACPI: Power Button [PWRF]
[   10.450023] input: Sleep Button as /devices/LNXSYSTM:00/LNXSLPBN:00/input/input1
[   10.463959] ACPI: Sleep Button [SLPF]
[   10.470139] GHES: HEST is not enabled!
[   10.474336] ACPI: Battery Slot [BAT0] (battery present)
[   10.483821] Serial: 8250/16550 driver, 32 ports, IRQ sharing enabled
[   10.516198] 00:02: ttyS0 at I/O 0x3f8 (irq = 4, base_baud = 115200) is a 16550A
[   10.568734] Linux agpgart interface v0.103
[   10.592342] loop: module loaded
[   10.601263] scsi host0: ata_piix
[   10.614606] scsi host1: ata_piix
[   10.616449] ata1: PATA max UDMA/33 cmd 0x1f0 ctl 0x3f6 bmdma 0xd000 irq 14
[   10.620842] ata2: PATA max UDMA/33 cmd 0x170 ctl 0x376 bmdma 0xd008 irq 15
[   10.634008] libphy: Fixed MDIO Bus: probed
[   10.638272] tun: Universal TUN/TAP device driver, 1.6
[   10.663113] tun: (C) 1999-2004 Max Krasnyansky <maxk@qualcomm.com>
[   10.716692] PPP generic driver version 2.4.2
[   10.717971] ehci_hcd: USB 2.0 'Enhanced' Host Controller (EHCI) Driver
[   10.719568] ehci-pci: EHCI PCI platform driver
[   10.720751] ehci-platform: EHCI generic platform driver
[   10.762159] ohci_hcd: USB 1.1 'Open' Host Controller (OHCI) Driver
[   10.770916] ohci-pci: OHCI PCI platform driver
[   10.842341] ohci-platform: OHCI generic platform driver
[   10.858074] tsc: Refined TSC clocksource calibration: 1599.999 MHz
[   10.903737] clocksource: tsc: mask: 0xffffffffffffffff max_cycles: 0x171023f09ff, max_idle_ns: 440795233615 ns
[   10.903762] uhci_hcd: USB Universal Host Controller Interface driver
[   10.903863] i8042: PNP: PS/2 Controller [PNP0303:PS2K,PNP0f03:PS2M] at 0x60,0x64 irq 1,12
[   10.904470] serio: i8042 KBD port at 0x60,0x64 irq 1
[   10.904475] serio: i8042 AUX port at 0x60,0x64 irq 12
[   10.972966] mousedev: PS/2 mouse device common for all mice
[   10.973295] input: AT Translated Set 2 keyboard as /devices/platform/i8042/serio0/input/input2
[   10.973692] rtc_cmos rtc_cmos: rtc core: registered rtc_cmos as rtc0
[   10.973759] rtc_cmos rtc_cmos: alarms up to one day, 114 bytes nvram
[   10.973766] i2c /dev entries driver
[   10.973822] device-mapper: uevent: version 1.0.3
[   10.973876] device-mapper: ioctl: 4.34.0-ioctl (2015-10-28) initialised: dm-devel@redhat.com
[   10.973891] ledtrig-cpu: registered to indicate activity on CPUs
[   10.974165] NET: Registered protocol family 10
[   10.974308] NET: Registered protocol family 17
[   10.974344] Key type dns_resolver registered
[   10.974477] microcode: CPU0 sig=0x306d4, pf=0x40, revision=0x0
[   10.974659] microcode: CPU1 sig=0x306d4, pf=0x40, revision=0x0
[   10.974687] microcode: Microcode Update Driver: v2.01 <tigran@aivazian.fsnet.co.uk>, Peter Oruba
[   10.974847] registered taskstats version 1
[   10.974867] Loading compiled-in X.509 certificates
[   10.975570] Loaded X.509 cert 'Build time autogenerated kernel key: a6f98c496ad22cf23b77f8fe21ff88c41791cbd4'
[   10.975589] zswap: loaded using pool lzo/zbud
[   10.977025] Key type trusted registered
[   10.979617] Key type encrypted registered
[   10.979623] AppArmor: AppArmor sha1 policy hashing enabled
[   10.979627] ima: No TPM chip found, activating TPM-bypass!
[   10.979648] evm: HMAC attrs: 0x1
[   10.979966]   Magic number: 1:504:426
[   10.988080] rtc_cmos rtc_cmos: setting system clock to 2017-09-14 10:25:14 UTC (1505384714)
[   10.988225] BIOS EDD facility v0.16 2004-Jun-25, 0 devices found
[   10.988226] EDD information not available.
[   11.665424] Freeing unused kernel memory: 1492K (ffffffff81f45000 - ffffffff820ba000)
[   11.689488] Write protecting the kernel read-only data: 14336k
[   11.728173] Freeing unused kernel memory: 1748K (ffff88000184b000 - ffff880001a00000)
[   11.806676] Freeing unused kernel memory: 112K (ffff880001de4000 - ffff880001e00000)
Loading, please [   11.938550] random: systemd-udevd: uninitialized urandom read (16 bytes read, 7 bits of entropy available)
wait...
startin[   11.939329] random: udevadm: uninitialized urandom read (16 bytes read, 7 bits of entropy available)
g version 229
[   11.939367] random: udevadm: uninitialized urandom read (16 bytes read, 7 bits of entropy available)
[   11.939482] random: udevadm: uninitialized urandom read (16 bytes read, 7 bits of entropy available)
[   11.939523] random: udevadm: uninitialized urandom read (16 bytes read, 7 bits of entropy available)
[   11.939571] random: udevadm: uninitialized urandom read (16 bytes read, 7 bits of entropy available)
[   11.939612] random: udevadm: uninitialized urandom read (16 bytes read, 7 bits of entropy available)
[   11.939654] random: udevadm: uninitialized urandom read (16 bytes read, 7 bits of entropy available)
[   11.939693] random: udevadm: uninitialized urandom read (16 bytes read, 7 bits of entropy available)
[   11.939730] random: udevadm: uninitialized urandom read (16 bytes read, 7 bits of entropy available)
[   12.563806] e1000: Intel(R) PRO/1000 Network Driver - version 7.3.21-k8-NAPI
[   12.598263] e1000: Copyright (c) 1999-2006 Intel Corporation.
[   12.638382] Fusion MPT base driver 3.04.20
[   12.663331] Copyright (c) 1999-2008 LSI Corporation
[   12.701940] Fusion MPT SPI Host driver 3.04.20
[   12.729589] AVX version of gcm_enc/dec engaged.
[   12.742551] AES CTR mode by8 optimization enabled
[   12.838963] input: ImExPS/2 Generic Explorer Mouse as /devices/platform/i8042/serio1/input/input4
[   13.181221] e1000 0000:00:03.0 eth0: (PCI:33MHz:32-bit) 02:04:e4:df:e4:d8
[   13.209563] e1000 0000:00:03.0 eth0: Intel(R) PRO/1000 Network Connection
[   13.228931] mptbase: ioc0: Initiating bringup
[   13.369074] ioc0: LSI53C1030 A0: Capabilities={Initiator}
[   13.553246] scsi host2: ioc0: LSI53C1030 A0, FwRev=00000000h, Ports=1, MaxQ=256, IRQ=20
[   13.765600] scsi 2:0:0:0: Direct-Access     VBOX     HARDDISK         1.0  PQ: 0 ANSI: 5
[   13.816066] scsi target2:0:0: Beginning Domain Validation
[   13.858279] scsi target2:0:0: Domain Validation skipping write tests
[   13.912654] scsi target2:0:0: Ending Domain Validation
[   13.929502] scsi target2:0:0: asynchronous
[   13.932529] scsi 2:0:1:0: Direct-Access     VBOX     HARDDISK         1.0  PQ: 0 ANSI: 5
[   13.941745] scsi target2:0:1: Beginning Domain Validation
[   13.951087] scsi target2:0:1: Domain Validation skipping write tests
[   13.971692] scsi target2:0:1: Ending Domain Validation
[   13.985106] scsi target2:0:1: asynchronous
[   14.001546] sd 2:0:0:0: Attached scsi generic sg0 type 0
[   14.005629] sd 2:0:0:0: [sda] 20971520 512-byte logical blocks: (10.7 GB/10.0 GiB)
[   14.030046] sd 2:0:1:0: Attached scsi generic sg1 type 0
[   14.039796] sd 2:0:1:0: [sdb] 20480 512-byte logical blocks: (10.5 MB/10.0 MiB)
[   14.043442] sd 2:0:0:0: [sda] Write Protect is off
[   14.061146] sd 2:0:1:0: [sdb] Write Protect is off
[   14.063212] sd 2:0:1:0: [sdb] Incomplete mode parameter data
[   14.065376] sd 2:0:1:0: [sdb] Assuming drive cache: write through
[   14.067359] sd 2:0:0:0: [sda] Incomplete mode parameter data
[   14.069546] sd 2:0:0:0: [sda] Assuming drive cache: write through
[   14.082034] sd 2:0:1:0: [sdb] Attached SCSI disk
[   14.095186]  sda: sda1
[   14.097272] sd 2:0:0:0: [sda] Attached SCSI disk
[   14.198799] e1000 0000:00:08.0 eth1: (PCI:33MHz:32-bit) 08:00:27:99:13:ab
[   14.236406] e1000 0000:00:08.0 eth1: Intel(R) PRO/1000 Network Connection
[   14.262948] e1000 0000:00:08.0 enp0s8: renamed from eth1
[   14.333217] e1000 0000:00:03.0 enp0s3: renamed from eth0
[   15.669022] floppy0: no floppy controllers found
Begin: Loading e[   17.084006] md: linear personality registered for level -1
ssential drivers[   17.136303] md: multipath personality registered for level -4
 ... [   17.184976] md: raid0 personality registered for level 0
[   17.201006] md: raid1 personality registered for level 1
[   17.329000] raid6: sse2x1   gen()  5288 MB/s
[   17.428636] raid6: sse2x1   xor()  5786 MB/s
[   17.524758] raid6: sse2x2   gen()  9868 MB/s
[   17.648819] raid6: sse2x2   xor()  6453 MB/s
[   17.724782] raid6: sse2x4   gen() 10708 MB/s
[   17.844795] raid6: sse2x4   xor()  7641 MB/s
[   17.894063] raid6: using algorithm sse2x4 gen() 10708 MB/s
[   17.949381] raid6: .... xor() 7641 MB/s, rmw enabled
[   17.951112] raid6: using ssse3x2 recovery algorithm
[   17.954315] xor: automatically using best checksumming function:
[   18.047703]    avx       : 24489.000 MB/sec
[   18.100659] async_tx: api initialized (async)
[   18.128055] md: raid6 personality registered for level 6
[   18.193845] md: raid5 personality registered for level 5
[   18.217362] md: raid4 personality registered for level 4
[   18.275351] md: raid10 personality registered for level 10
done.
Begin: Running /scripts/init-premount ... done.
Begin: Mounting root file system ... Begin: Running /scripts/local-top ... done.
Begin: Running /scripts/local-premount[   18.377663] Btrfs loaded
 ... Scanning for Btrfs filesystems
done.
Warning: fsck not present, so sk[   18.488895] EXT4-fs (sda1): mounted filesystem with ordered data mode. Opts: (null)
ipping root file system
done.
Begin: Running /scripts/local-bottom ... done.
Begin: Running /scripts/init-bottom ... done.
[   18.805472] systemd[1]: systemd 229 running in system mode. (+PAM +AUDIT +SELINUX +IMA +APPARMOR +SMACK +SYSVINIT +UTMP +LIBCRYPTSETUP +GCRYPT +GNUTLS +ACL +XZ -LZ4 +SECCOMP +BLKID +ELFUTILS +KMOD -IDN)
[   19.002524] systemd[1]: Detected virtualization oracle.
[   19.062440] systemd[1]: Detected architecture x86-64.

Welcome to [1mUbuntu 16.04.3 LTS[0m!

[   19.167612] systemd[1]: Set hostname to <ubuntu>.
[   19.241510] systemd[1]: Initializing machine ID from random generator.
[   19.329230] systemd[1]: Installed transient /etc/machine-id file.
[   19.681473] systemd[1]: Listening on LVM2 metadata daemon socket.
[[0;32m  OK  [0m] Listening on LVM2 metadata daemon socket.
[   19.701797] systemd[1]: Listening on Device-mapper event daemon FIFOs.
[[0;32m  OK  [0m] Listening on Device-mapper event daemon FIFOs.
[   19.776720] systemd[1]: Listening on LVM2 poll daemon socket.
[[0;32m  OK  [0m] Listening on LVM2 poll daemon socket.
[   19.857295] systemd[1]: Listening on /dev/initctl Compatibility Named Pipe.
[[0;32m  OK  [0m] Listening on /dev/initctl Compatibility Named Pipe.
[   19.953093] systemd[1]: Started Forward Password Requests to Wall Directory Watch.
[[0;32m  OK  [0m] Started Forward Password Requests to Wall Directory Watch.
[   20.137177] systemd[1]: Listening on Journal Socket (/dev/log).
[[0;32m  OK  [0m] Listening on Journal Socket (/dev/log).
[   20.269042] systemd[1]: Listening on udev Kernel Socket.
[[0;32m  OK  [0m] Listening on udev Kernel Socket.
[   20.373724] systemd[1]: Created slice System Slice.
[[0;32m  OK  [0m] Created slice System Slice.
[   20.486842] systemd[1]: Created slice User and Session Slice.
[[0;32m  OK  [0m] Created slice User and Session Slice.
[   20.586877] systemd[1]: Listening on Syslog Socket.
[[0;32m  OK  [0m] Listening on Syslog Socket.
[   20.611698] systemd[1]: Reached target Slices.
[[0;32m  OK  [0m] Reached target Slices.
[   20.633116] systemd[1]: Listening on Journal Audit Socket.
[[0;32m  OK  [0m] Listening on Journal Audit Socket.
[   20.668979] systemd[1]: Reached target Encrypted Volumes.
[[0;32m  OK  [0m] Reached target Encrypted Volumes.
[   20.749431] systemd[1]: Started Trigger resolvconf update for networkd DNS.
[[0;32m  OK  [0m] Started Trigger resolvconf update for networkd DNS.
[   20.813088] systemd[1]: Listening on udev Control Socket.
[[0;32m  OK  [0m] Listening on udev Control Socket.
[   20.837427] systemd[1]: Created slice system-serial\x2dgetty.slice.
[[0;32m  OK  [0m] Created slice system-serial\x2dgetty.slice.
[   20.875163] systemd[1]: Reached target User and Group Name Lookups.
[[0;32m  OK  [0m] Reached target User and Group Name Lookups.
[   20.949502] systemd[1]: Reached target Swap.
[[0;32m  OK  [0m] Reached target Swap.
[   21.065114] systemd[1]: Listening on Journal Socket.
[[0;32m  OK  [0m] Listening on Journal Socket.
[   21.153581] systemd[1]: Starting Monitoring of LVM2 mirrors, snapshots etc. using dmeventd or progress polling...
[   21.154305] random: nonblocking pool is initialized
         Starting Monitoring of LVM2 mirrors... dmeventd or progress polling...
[   21.329299] systemd[1]: Mounting POSIX Message Queue File System...
         Mounting POSIX Message Queue File System...
[   21.425141] systemd[1]: Starting Uncomplicated firewall...
         Starting Uncomplicated firewall...
[   21.513259] systemd[1]: Starting Create list of required static device nodes for the current kernel...
         Starting Create list of required st... nodes for the current kernel...
[   21.676928] systemd[1]: Starting Load Kernel Modules...
[   21.687100] Loading iSCSI transport class v2.0-870.
         Startin[   21.725958] iscsi: registered transport (tcp)
g Load Kernel Modules...
[   21.734165] systemd[1]: Starting Set console keymap...
         Starting Set console keymap...
[   21.824939] iscsi: registered transport (iser)
[   21.836859] systemd[1]: Starting Journal Service...
         Starting Journal Service...
[   21.871024] systemd[1]: Mounting Debug File System...
         Mounting Debug File System...
[   21.921169] systemd[1]: Starting Remount Root and Kernel File Systems...
[   21.925788] EXT4-fs (sda1): re-mounted. Opts: (null)
         Starting Remount Root and Kernel File Systems...
[   22.001334] systemd[1]: Mounting Huge Pages File System...
         Mounting Huge Pages File System...
[   22.077478] systemd[1]: Set up automount Arbitrary Executable File Formats File System Automount Point.
[[0;32m  OK  [0m] Set up automount Arbitrary Executab...ats File System Automount Point.
[   22.253144] systemd[1]: Starting Nameserver information manager...
         Starting Nameserver information manager...
[   22.341980] systemd[1]: Mounted Huge Pages File System.
[[0;32m  OK  [0m] Mounted Huge Pages File System.
[   22.441766] systemd[1]: Mounted POSIX Message Queue File System.
[[0;32m  OK  [0m] Mounted POSIX Message Queue File System.
[   22.557241] systemd[1]: Mounted Debug File System.
[[0;32m  OK  [0m] Mounted Debug File System.
[   22.637617] systemd[1]: Started Journal Service.
[[0;32m  OK  [0m] Started Journal Service.
[[0;32m  OK  [0m] Started Uncomplicated firewall.
[[0;32m  OK  [0m] Started Create list of required sta...ce nodes for the current kernel.
[[0;32m  OK  [0m] Started Load Kernel Modules.
[[0;32m  OK  [0m] Started Set console keymap.
[[0;32m  OK  [0m] Started Remount Root and Kernel File Systems.
[[0;32m  OK  [0m] Started Nameserver information manager.
[[0;32m  OK  [0m] Started LVM2 metadata daemon.
         Starting udev Coldplug all Devices...
         Starting Initial cloud-init job (pre-networking)...
         Starting Load/Save Random Seed...
         Starting Apply Kernel Variables...
         Mounting FUSE Control File System...
         Starting Create Static Device Nodes in /dev...
         Starting Flush Journal to Persistent Storage...
[[0;32m  OK  [0m] Mounted FUSE Control File System.
[[0;32m  OK  [0m] Started Load/Save Random Seed.
[[0;32m  OK  [0m] Started Apply Kernel Variables.
[[0;32m  OK  [0m] Started Create Static Device Nodes in /dev.
[[0;32m  OK  [0m] Started udev Coldplug all Devices.
[[0;32m  OK  [0m] Started Monitoring of LVM2 mirrors,...ng dmeventd or progress polling.
         Starting udev Kernel Device Manager...
[[0;32m  OK  [0m] Started Flush Journal to Persistent Storage.
[[0;32m  OK  [0m] Started udev Kernel Device Manager.
[[0;32m  OK  [0m] Started Dispatch Password Requests to Console Directory Watch.
[[0;32m  OK  [0m] Reached target Local File Systems (Pre).
[[0;32m  OK  [0m] Reached target Local File Systems.
         Starting Commit a transient machine-id on disk...
         Starting Tell Plymouth To Write Out Runtime Data...
         Starting Set console font and keymap...
         Starting LSB: AppArmor initialization...
         Starting Create Volatile Files and Directories...
[[0;32m  OK  [0m] Started Commit a transient machine-id on disk.
[[0;32m  OK  [0m] Started Tell Plymouth To Write Out Runtime Data.
[[0;32m  OK  [0m] Started Create Volatile Files and Directories.
[[0;32m  OK  [0m] Found device /dev/ttyS0.
[   18.729512] cloud-init[444]: Cloud-init v. 0.7.9 running 'init-local' at Thu, 14 Sep 2017 10:25:27 +0000. Up 18.26 seconds.
[[0;32m  OK  [0m] Started Initial cloud-init job (pre-networking).
[[0;32m  OK  [0m] Started LSB: AppArmor initialization.
[[0;32m  OK  [0m] Reached target Network (Pre).
         Starting Raise network interfaces...
[[0;32m  OK  [0m] Listening on Load/Save RF Kill Switch Status /dev/rfkill Watch.
[[0;32m  OK  [0m] Reached target System Time Synchronized.
         Starting Update UTMP about System Boot/Shutdown...
[[0;32m  OK  [0m] Started Set console font and keymap.
[[0;32m  OK  [0m] Started Update UTMP about System Boot/Shutdown.
[[0;32m  OK  [0m] Created slice system-getty.slice.
[[0;32m  OK  [0m] Started Raise network interfaces.
[[0;32m  OK  [0m] Reached target Network.
         Starting Initial cloud-init job (metadata service crawler)...
[   22.364315] cloud-init[937]: Cloud-init v. 0.7.9 running 'init' at Thu, 14 Sep 2017 10:25:31 +0000. Up 21.53 seconds.
[   22.440746] cloud-init[937]: ci-info: +++++++++++++++++++++++++++++++++++++Net device info++++++++++++++++++++++++++++++++++++++
[[0;32m  OK  [0m] Started Initial cloud-init job (metadata service crawler).
[   22.559312] [cloud-init[0;32m  OK  [0m[937]: ] ci-info: +--------+-------+---------------------------+---------------+-------+-------------------+Reached target Network is Online.

[   22.612165] cloud-init[937]: ci-info: | Device |   Up  |          Address          |      Mask     | Scope |     Hw-Address    |
[   22.730846]          cloud-initStarting iSCSI initiator daemon (iscsid)...[937]: 
ci-info: +--------+-------+---------------------------+---------------+-------+-------------------+
[   22.800392] [cloud-init[0;32m  OK  [0m[937]: ] ci-info: | enp0s8 | False |             .             |       .       |   .   | 08:00:27:99:13:ab |Reached target System Initialization.

[   22.886023] [cloud-init[0;32m  OK  [0m[937]: ] ci-info: | enp0s3 |  True |         10.0.2.15         | 255.255.255.0 |   .   | 02:04:e4:df:e4:d8 |Started Daily Cleanup of Temporary Directories.

[[0;32m  OK  [0m] Started Daily apt download activities.
[[0;32m  OK  [0m] Listening on UUID daemon activation socket.
[   22.886726] cloud-init[937]: ci-info: | enp0s3 |  True | fe80::4:e4ff:fedf:e4d8/64 |       .       |  link | 02:04:e4:df:e4:d8 |
[   23.025701]          cloud-initStarting Socket activation for snappy daemon.[937]: 
ci-info: |   lo   |  True |         127.0.0.1         |   255.0.0.0   |   .   |         .         |
[   23.108518]          cloud-initStarting LXD - unix socket.[937]: 
ci-info: |   lo   |  True |          ::1/128          |       .       |  host |         .         |
[[0;32m  OK  [0m] Listening on D-Bus System Message Bus Socket.
[   23.132115] cloud-init[937]: ci-info: +--------+-------+---------------------------+---------------+-------+-------------------+
[   23.196593] [cloud-init[0;32m  OK  [0m[937]: ] ci-info: +++++++++++++++++++++++++++Route IPv4 info++++++++++++++++++++++++++++Started Daily apt upgrade and clean activities.

[[0;32m  OK  [0m] Listening on ACPID Listen Socket.
[[0;32m  OK  [0m] Started Timer to automatically refresh installed snaps.
[   23.197527] cloud-init[937]: ci-info: +-------+-------------+----------+---------------+-----------+-------+
[   23.345573] [cloud-init[0;32m  OK  [0m[937]: ] ci-info: | Route | Destination | Gateway  |    Genmask    | Interface | Flags |Reached target Timers.

[   23.346461] cloud-init[937]: ci-info: +-------+-------------+----------+---------------+-----------+-------+
[   23.441195] cloud-init[937]: ci-info: |   0   |   0.0.0.0   | 10.0.2.2 |    0.0.0.0    |   enp0s3  |   UG  |
[[0;32m  OK  [0m] Started ACPI Events Check.
[   23.441878] [cloud-init[0;32m  OK  [0m[937]: ] ci-info: |   1   |   10.0.2.0  | 0.0.0.0  | 255.255.255.0 |   enp0s3  |   U   |Reached target Paths.

[   23.503585] [cloud-init[0;32m  OK  [0m[937]: ] ci-info: +-------+-------------+----------+---------------+-----------+-------+Reached target Cloud-config availability.

[   23.593256] [cloud-init[0;32m  OK  [0m[937]: ] Generating public/private rsa key pair.Listening on Socket activation for snappy daemon.

[[0;32m  OK  [0m] Listening on LXD - unix socket.
[[0;32m  OK  [0m] Started iSCSI initiator daemon (iscsid).
[   23.593703] cloud-init[937]: Your identification has been saved in /etc/ssh/ssh_host_rsa_key.
         Starting Login to default iSCSI targets...
[   23.716606] cloud-init[937]: Your public key has been saved in /etc/ssh/ssh_host_rsa_key.pub.
[   23.765251] [cloud-init[0;32m  OK  [0m[937]: ] The key fingerprint is:Reached target Sockets.

[   23.765990] [cloud-init[0;32m  OK  [0m[937]: ] SHA256:Rt5PA3u7QX+auofOA6U8Iy7lxvPAnuzlxaf7R25CsqE root@ubuntu-xenialReached target Basic System.

[   23.869005] cloud-init[937]: The key's randomart image is:
         Starting Accounts Service...
[   23.869960] cloud-init[937]: +---[RSA 2048]----+
[   23.908786]          cloud-initStarting LSB: MD monitoring daemon...[937]: 
|                 |
[   23.940472]          cloud-initStarting /etc/rc.local Compatibility...[937]: 
|                 |
[   23.980130] cloud-init[937]: |        . .      |
[   23.996308] cloud-init[937]: |       o . o.    |
[   24.000228] cloud-init[937]: |        S.oo=    |
[[0;32m  OK  [0m] Started Regular background program processing daemon.
[   24.022228] cloud-init[937]: |       oo **o+. .|
[   24.072571] cloud-init[937]: |       =o..=**oo.|
[[0;32m  OK  [0m] Started ACPI event daemon.
[[0;32m  OK  [0m] Started Unattended Upgrades Shutdown.
[   24.098973] cloud-init[937]: |      .o*=Eo+=o++|
[   24.228434] cloud-init[937]: |       +=oo.OB++ |
[   24.261180] cloud-init[937]: +----[SHA256]-----+
[   24.266246] cloud-init[937]: Generating public/private dsa key pair.
         Starting Login Service...
[   24.303609] cloud-init[937]: Your identification has been saved in /etc/ssh/ssh_host_dsa_key.
         Starting LSB: Record successful boot for GRUB...
[   24.401470] cloud-init[937]: Your public key has been saved in /etc/ssh/ssh_host_dsa_key.pub.
[[0;32m  OK  [0m] Started Deferred execution scheduler.
[   24.477223] cloud-init[937]: The key fingerprint is:
[   24.506251] cloud-init[937]: SHA256:cELVb1jKqk9D3RnssEyGYQ2t2r67mfqz5t4oZpC/10w root@ubuntu-xenial
         Starting Apply the settings specified in cloud-config...
[   24.559236] cloud-init[937]: The key's randomart image is:
[   24.672220]          cloud-initStarting Pollinate to seed the pseudo random number generator...[937]: 
+---[DSA 1024]----+
[   24.764125] cloud-init[937]: |      ..==       |         
Starting LXD - container startup/shutdown...
[   24.765182] cloud-init[937]: |     . . o+..    |
[   24.868747] [cloud-init[0;32m  OK  [0m[937]: ] |      o oo+=o    |Started FUSE filesystem for LXC.

[   24.908418] [cloud-init[0;32m  OK  [0m[937]: ] |       +.=+=oo   |Started D-Bus System Message Bus.

[   24.948545] cloud-init[937]: |     . oS.+.+    |
[   24.972464] cloud-init[937]: |    o ..o E      |
[   24.993183]          cloud-initStarting System Logging Service...[937]: 
|     o oo+       |
[   24.994687] cloud-init[937]: |      *.=*o      |
[   25.052702] cloud-init[937]: |     oo@&*.      |
[[0;32m  OK  [0m] Started Snappy daemon.
         Starting Auto import assertions from block devices...
[   25.059712] cloud-init[937]: +----[SHA256]-----+
[   25.129762] cloud-init[937]: Generating public/private ecdsa key pair.
[[0;32m  OK  [0m] Started System Logging Service.
[   25.131038] cloud-init[937]: Your identification has been saved in /etc/ssh/ssh_host_ecdsa_key.
[[0;32m  OK  [0m] Started /etc/rc.local Compatibility.
[   25.241772] cloud-init[937]: Your public key has been saved in /etc/ssh/ssh_host_ecdsa_key.pub.
[[0;32m  OK  [0m] Started Pollinate to seed the pseudo random number generator.
[   25.291355] cloud-init[937]: The key fingerprint is:
[   25.318530] cloud-init[937]: SHA256:qZDu71Lw513mRjDDv3U770rAF7L4sYZy+TvLmmpGvaE root@ubuntu-xenial
[   25.382056] [[0;32m  OK  [0m] Started LXD - container startup/shutdown.
[[0;32m  OK  [0m] Started Auto import assertions from block devices.
cloud-init[937]: The key's randomart image is:
[   25.452387] cloud-init[937]: +---[ECDSA 256]---+
[   25.482858] cloud-init[937]: |                 |
[   25.485500] cloud-init[937]: |                 |
[   25.488535] cloud-init[937]: |         .  . .  |
[   25.501800] cloud-init[937]: |    ..   .=o o . |
[[0;32m  OK  [0m] Started Login to default iSCSI targets.
[   25.535875] cloud-init[937]: |    oo  S..== .  |
[   25.567283] cloud-init[937]: |   . .o.o o+==. .|
[   25.581196] cloud-init[937]: |    ...+.o+B+o...|
[   25.586685] cloud-init[937]: |   ..   Eoo==. o |
[   25.606568] cloud-init[937]: |    .+oo..oo=+.o=|
[   25.619631] cloud-init[937]: +----[SHA256]-----+
[   25.625486] cloud-init[937]: Generating public/private ed25519 key pair.
[   25.625761] cloud-init[937]: Your identification has been saved in /etc/ssh/ssh_host_ed25519_key.
[[0;32m  OK  [0m] Started LSB: MD monitoring daemon.
[   25.626252] cloud-init[937]: Your public key has been saved in /etc/ssh/ssh_host_ed25519_key.pub.
[   25.864452] cloud-init[937]: The key fingerprint is:
[   25.864893] cloud-init[937]: SHA256:6sBJhKEk2CVwz0yA5oygZytQB8yt1gOSUabhnhC9vFc root@ubuntu-xenial
[[0;32m  OK  [0m] Started LSB: Record successful boot for GRUB.
[   25.865114] cloud-init[937]: The key's randomart image is:
[   26.029322] cloud-init[937]: +--[ED25519 256]--+
[[0;32m  OK  [0m] Started Login Service.
[   26.030581] cloud-init[937]: |B%O=o            |
[   26.066732] cloud-init[937]: |XOBOo            |
         Starting Authenticate and Authorize Users to Run Privileged Tasks...
[   26.067479] cloud-init[937]: |@=.*=            |
[[   26.169073] cloud-init[937]: |*oO.o E          |
[0;32m  OK  [0m] Reached target Remote File Systems (Pre).
[[0;32m  OK  [0m] Reached target Remote File Systems.
[   26.170433] cloud-init[937]: |.* o.o  S        |
[   26.197219] cloud-init[937]: |. oo.. .         |
[   26.223082] cloud-init[937]: | . .+ .          |
         [   26.225783] Starting LSB: automatic crash report generation...cloud-init
[937]: |     o           |
[   26.226998] cloud-init[937]: |      .          |
[   26.252666] cloud-init[937]: +----[SHA256]-----+
         Starting Permit User Sessions...
         Starting LSB: daemon to balance interrupts for SMP systems...
[   26.258380] cloud-init[1064]: Generating locales (this might take a while)...
         Starting LSB: VirtualBox Linux Additions...
         Starting LSB: Set the CPU Frequency Scaling governor to "ondemand"...
         Starting OpenBSD Secure Shell server...
[[0;32m  OK  [0m] Started OpenBSD Secure Shell server.
[[0;32m  OK  [0m] Started Permit User Sessions.
[[0;32m  OK  [0m] Started Authenticate and Authorize Users to Run Privileged Tasks.
[[0;32m  OK  [0m] Started Accounts Service.
[[0;32m  OK  [0m] Started LSB: automatic crash report generation.
[[0;32m  OK  [0m] Started LSB: daemon to balance interrupts for SMP systems.
[[0;32m  OK  [0m] Started LSB: Set the CPU Frequency Scaling governor to "ondemand".
         Starting Hold until boot process finishes up...
         Starting Terminate Plymouth Boot Screen...
[[0;32m  OK  [0m] Started Hold until boot process finishes up.
[[0;32m  OK  [0m] Started Terminate Plymouth Boot Screen.
[[0;32m  OK  [0m] Started LSB: VirtualBox Linux Additions.
         Starting Set console scheme...
[[0;32m  OK  [0m] Started Serial Getty on ttyS0.
[[0;32m  OK  [0m] Started Getty on tty1.
[[0;32m  OK  [0m] Reached target Login Prompts.
[[0;32m  OK  [0m] Reached target Multi-User System.
[[0;32m  OK  [0m] Reached target Graphical Interface.
         Starting Update UTMP about System Runlevel Changes...
[[0;32m  OK  [0m] Started Set console scheme.
[[0;32m  OK  [0m] Started Update UTMP about System Runlevel Changes.
[   27.403101] cloud-init[1064]:   en_US.UTF-8... done
[   27.420625] cloud-init[1064]: Generation complete.
         Stopping OpenBSD Secure Shell server...
[[0;32m  OK  [0m] Stopped OpenBSD Secure Shell server.
         Starting OpenBSD Secure Shell server...
[[0;32m  OK  [0m] Started OpenBSD Secure Shell server.
[[0;32m  OK  [0m] Created slice User Slice of ubuntu.
         Starting User Manager for UID 1000...
[[0;32m  OK  [0m] Started Session 1 of user ubuntu.
[[0;32m  OK  [0m] Started User Manager for UID 1000.
[   28.152908] cloud-init[1064]: Cloud-init v. 0.7.9 running 'modules:config' at Thu, 14 Sep 2017 10:25:35 +0000. Up 25.39 seconds.
[[0;32m  OK  [0m] Started Apply the settings specified in cloud-config.
         Starting Execute cloud user/final scripts...
ci-info: no authorized ssh keys fingerprints found for user ubuntu.
<14>Sep 14 10:25:38 ec2: 
<14>Sep 14 10:25:38 ec2: #############################################################
<14>Sep 14 10:25:38 ec2: -----BEGIN SSH HOST KEY FINGERPRINTS-----
<14>Sep 14 10:25:38 ec2: 1024 SHA256:cELVb1jKqk9D3RnssEyGYQ2t2r67mfqz5t4oZpC/10w root@ubuntu-xenial (DSA)
<14>Sep 14 10:25:38 ec2: 256 SHA256:qZDu71Lw513mRjDDv3U770rAF7L4sYZy+TvLmmpGvaE root@ubuntu-xenial (ECDSA)
<14>Sep 14 10:25:38 ec2: 256 SHA256:6sBJhKEk2CVwz0yA5oygZytQB8yt1gOSUabhnhC9vFc root@ubuntu-xenial (ED25519)
<14>Sep 14 10:25:38 ec2: 2048 SHA256:Rt5PA3u7QX+auofOA6U8Iy7lxvPAnuzlxaf7R25CsqE root@ubuntu-xenial (RSA)
<14>Sep 14 10:25:38 ec2: -----END SSH HOST KEY FINGERPRINTS-----
<14>Sep 14 10:25:38 ec2: #############################################################
-----BEGIN SSH HOST KEY KEYS-----
ecdsa-sha2-nistp256 AAAAE2VjZHNhLXNoYTItbmlzdHAyNTYAAAAIbmlzdHAyNTYAAABBBCQG8yBy2CIWPhezBP3LMDwr1cLlnoG5VptTdpStouv8KnDm+3zjAgzJ9e7D/OGdnTvSN7qYWw+BXVyKzc3Daow= root@ubuntu-xenial
ssh-ed25519 AAAAC3NzaC1lZDI1NTE5AAAAIEoWLjIH/2eH/7XxAHiVg1wsh1otA0BjwbvdlEyigeNc root@ubuntu-xenial
ssh-rsa AAAAB3NzaC1yc2EAAAADAQABAAABAQC5I4qVvb24RGh5Bo5Ksaq9D9dSy0IkfoHMdH1n+dmTsclH5ExdqXVIYFhqlbCUjryNakmDEZxCE645H4Ma5kiRhAlQRVYmY++7Cdscc638/IZ7c7r7X1L2GaiaAI94uxgSZQDCn+L8MRoUsf4zlzL2AtskDUSoRijYe7jUOUIhMEcKCAGu3Ou996MuYtXqfTU85zArrl1XSct92W+9nW30V/tmbkxvdkLw8El5gHMID4cThu9tUyHNmabTWD9wBr+Xb9LnxJ71XuAd8mSxziUo4qqkDTi+FtKlM59v8gFH09aMDulozncikauGbnHgBqPMRsZESbIeU0X18BvLXZj3 root@ubuntu-xenial
-----END SSH HOST KEY KEYS-----
[   29.442235] cloud-init[1380]: Cloud-init v. 0.7.9 running 'modules:final' at Thu, 14 Sep 2017 10:25:38 +0000. Up 28.83 seconds.
[   29.453072] cloud-init[1380]: ci-info: no authorized ssh keys fingerprints found for user ubuntu.
[   29.465113] cloud-init[1380]: Cloud-init v. 0.7.9 finished at Thu, 14 Sep 2017 10:25:39 +0000. Datasource DataSourceNoCloud [seed=/dev/sdb][dsmode=net].  Up 29.42 seconds
[[0;32m  OK  [0m] Started Execute cloud user/final scripts.
[[0;32m  OK  [0m] Reached target Cloud-init target.

Ubuntu 16.04.3 LTS ubuntu-xenial ttyS0

ubuntu-xenial login: 